[Wed Jul 01 22:26:56.422708 2015] [:error] [pid 26672] [client 127.0.0.1:33388] PHP Parse error:  syntax error, unexpected 'define' (T_STRING) in /home/stagnantice/projects/vk/functions.php on line 11
[Wed Jul 01 22:27:10.863825 2015] [:error] [pid 26675] [client 127.0.0.1:33401] PHP Fatal error:  Cannot re-assign auto-global variable _POST in /home/stagnantice/projects/vk/functions.php on line 55
[Wed Jul 01 22:28:02.493537 2015] [:error] [pid 26672] [client 127.0.0.1:33425] PHP Parse error:  syntax error, unexpected '{' in /home/stagnantice/projects/vk/functions.php on line 99
[Wed Jul 01 22:28:17.419683 2015] [:error] [pid 26699] [client 127.0.0.1:33433] PHP Parse error:  syntax error, unexpected 'catch' (T_CATCH) in /home/stagnantice/projects/vk/functions.php on line 131
[Wed Jul 01 22:28:29.559797 2015] [:error] [pid 26675] [client 127.0.0.1:33438] PHP Warning:  mysql_fetch_assoc() expects parameter 1 to be resource, boolean given in /home/stagnantice/projects/vk/functions.php on line 87
[Wed Jul 01 22:28:29.637985 2015] [:error] [pid 26675] [client 127.0.0.1:33438] PHP Parse error:  syntax error, unexpected 'if' (T_IF), expecting ':' in /home/stagnantice/projects/vk/list.php on line 18
[Wed Jul 01 22:30:31.146409 2015] [:error] [pid 26673] [client 127.0.0.1:33491] PHP Warning:  mysql_fetch_assoc() expects parameter 1 to be resource, boolean given in /home/stagnantice/projects/vk/functions.php on line 87
[Wed Jul 01 22:30:31.146753 2015] [:error] [pid 26673] [client 127.0.0.1:33491] PHP Parse error:  syntax error, unexpected 'if' (T_IF), expecting ':' in /home/stagnantice/projects/vk/list.php on line 18
[Wed Jul 01 22:31:33.090669 2015] [:error] [pid 26676] [client 127.0.0.1:33518] PHP Warning:  mysql_fetch_assoc() expects parameter 1 to be resource, boolean given in /home/stagnantice/projects/vk/functions.php on line 87
[Wed Jul 01 22:31:33.091011 2015] [:error] [pid 26676] [client 127.0.0.1:33518] PHP Parse error:  syntax error, unexpected 'endfor' (T_ENDFOR) in /home/stagnantice/projects/vk/list.php on line 21
[Wed Jul 01 22:31:46.458706 2015] [:error] [pid 26699] [client 127.0.0.1:33528] PHP Warning:  mysql_fetch_assoc() expects parameter 1 to be resource, boolean given in /home/stagnantice/projects/vk/functions.php on line 87
[Wed Jul 01 22:31:46.459275 2015] [:error] [pid 26699] [client 127.0.0.1:33528] PHP Fatal error:  Cannot redeclare preparePrice() (previously declared in /home/stagnantice/projects/vk/functions.php:18) in /home/stagnantice/projects/vk/functions.php on line 18
[Wed Jul 01 22:32:19.775258 2015] [:error] [pid 26675] [client 127.0.0.1:33545] PHP Warning:  mysql_fetch_assoc() expects parameter 1 to be resource, boolean given in /home/stagnantice/projects/vk/functions.php on line 87
[Wed Jul 01 22:33:22.108388 2015] [:error] [pid 26673] [client 127.0.0.1:33576] PHP Warning:  mysql_fetch_assoc() expects parameter 1 to be resource, boolean given in /home/stagnantice/projects/vk/functions.php on line 87, referer: http://vk/form.php
[Wed Jul 01 22:38:27.755595 2015] [:error] [pid 26672] [client 127.0.0.1:33724] PHP Fatal error:  Call to undefined function insertitem() in /home/stagnantice/projects/vk/functions.php on line 123, referer: http://vk/form.php
[Wed Jul 01 22:38:44.931526 2015] [:error] [pid 26699] [client 127.0.0.1:33733] PHP Notice:  Undefined index: itemfile in /home/stagnantice/projects/vk/functions.php on line 71, referer: http://vk/form.php
[Wed Jul 01 22:38:44.931576 2015] [:error] [pid 26699] [client 127.0.0.1:33733] PHP Catchable fatal error:  Argument 1 passed to prepareFile() must be of the type array, null given, called in /home/stagnantice/projects/vk/functions.php on line 71 and defined in /home/stagnantice/projects/vk/functions.php on line 34, referer: http://vk/form.php
[Wed Jul 01 22:39:25.962509 2015] [:error] [pid 26674] [client 127.0.0.1:33760] PHP Notice:  Undefined variable: data in /home/stagnantice/projects/vk/list.php on line 2, referer: http://vk/form.php
[Wed Jul 01 22:39:25.962554 2015] [:error] [pid 26674] [client 127.0.0.1:33760] PHP Warning:  Invalid argument supplied for foreach() in /home/stagnantice/projects/vk/list.php on line 2, referer: http://vk/form.php
[Wed Jul 01 22:40:14.746041 2015] [:error] [pid 26699] [client 127.0.0.1:33783] PHP Notice:  Undefined index: items in /home/stagnantice/projects/vk/list.php on line 2, referer: http://vk/form.php
[Wed Jul 01 22:40:14.746088 2015] [:error] [pid 26699] [client 127.0.0.1:33783] PHP Warning:  Invalid argument supplied for foreach() in /home/stagnantice/projects/vk/list.php on line 2, referer: http://vk/form.php
[Wed Jul 01 22:43:36.346755 2015] [:error] [pid 26674] [client 127.0.0.1:33874] PHP Notice:  Undefined index: itemfile in /home/stagnantice/projects/vk/functions.php on line 71, referer: http://vk/form.php
[Wed Jul 01 22:43:36.346912 2015] [:error] [pid 26674] [client 127.0.0.1:33874] PHP Catchable fatal error:  Argument 1 passed to prepareFile() must be of the type array, null given, called in /home/stagnantice/projects/vk/functions.php on line 71 and defined in /home/stagnantice/projects/vk/functions.php on line 34, referer: http://vk/form.php
[Wed Jul 01 22:45:36.006492 2015] [:error] [pid 26674] [client 127.0.0.1:33936] PHP Notice:  Undefined index: itemfile in /home/stagnantice/projects/vk/functions.php on line 71, referer: http://vk/form.php
[Wed Jul 01 22:45:36.006536 2015] [:error] [pid 26674] [client 127.0.0.1:33936] PHP Catchable fatal error:  Argument 1 passed to prepareFile() must be of the type array, null given, called in /home/stagnantice/projects/vk/functions.php on line 71 and defined in /home/stagnantice/projects/vk/functions.php on line 34, referer: http://vk/form.php
[Wed Jul 01 22:45:58.877572 2015] [:error] [pid 26672] [client 127.0.0.1:33946] PHP Warning:  move_uploaded_file(/home/stagnantice/projects/vk/files/55944376d639e.png): failed to open stream: No such file or directory in /home/stagnantice/projects/vk/functions.php on line 46, referer: http://vk/form.php
[Wed Jul 01 22:45:58.877616 2015] [:error] [pid 26672] [client 127.0.0.1:33946] PHP Warning:  move_uploaded_file(): Unable to move '/tmp/php7v7SMe' to '/home/stagnantice/projects/vk/files/55944376d639e.png' in /home/stagnantice/projects/vk/functions.php on line 46, referer: http://vk/form.php
[Wed Jul 01 22:46:32.207849 2015] [:error] [pid 26675] [client 127.0.0.1:33964] PHP Notice:  Undefined variable: desc in /home/stagnantice/projects/vk/functions.php on line 72, referer: http://vk/form.php
[Wed Jul 01 22:46:40.726180 2015] [:error] [pid 26673] [client 127.0.0.1:33970] PHP Notice:  Undefined variable: desc in /home/stagnantice/projects/vk/functions.php on line 72, referer: http://vk/form.php
[Wed Jul 01 22:48:55.716931 2015] [:error] [pid 26673] [client 127.0.0.1:34031] PHP Notice:  Undefined index: message in /home/stagnantice/projects/vk/index.php on line 7, referer: http://vk/form.php
[Wed Jul 01 22:49:26.207669 2015] [:error] [pid 26676] [client 127.0.0.1:34045] PHP Notice:  Undefined variable: desc in /home/stagnantice/projects/vk/functions.php on line 72, referer: http://vk/form.php
[Wed Jul 01 22:49:26.214477 2015] [:error] [pid 26676] [client 127.0.0.1:34045] PHP Notice:  Undefined variable: message in /home/stagnantice/projects/vk/index.php on line 8, referer: http://vk/form.php
[Wed Jul 01 22:49:53.113524 2015] [:error] [pid 26673] [client 127.0.0.1:34066] PHP Notice:  Undefined variable: desc in /home/stagnantice/projects/vk/functions.php on line 72, referer: http://vk/form.php
[Wed Jul 01 22:52:49.160036 2015] [:error] [pid 26682] [client 127.0.0.1:34148] PHP Notice:  Undefined variable: desc in /home/stagnantice/projects/vk/functions.php on line 72, referer: http://vk/form.php?action=add
[Wed Jul 01 22:56:00.032097 2015] [:error] [pid 26699] [client 127.0.0.1:34239] PHP Notice:  Undefined index: items in /home/stagnantice/projects/vk/list.php on line 2, referer: http://vk/
[Wed Jul 01 22:56:00.032138 2015] [:error] [pid 26699] [client 127.0.0.1:34239] PHP Warning:  Invalid argument supplied for foreach() in /home/stagnantice/projects/vk/list.php on line 2, referer: http://vk/
[Wed Jul 01 22:56:11.833850 2015] [:error] [pid 26675] [client 127.0.0.1:34247] PHP Fatal error:  Call to undefined function loadItem() in /home/stagnantice/projects/vk/form.php on line 12, referer: http://vk/
[Wed Jul 01 22:57:47.295882 2015] [:error] [pid 26675] [client 127.0.0.1:34292] PHP Notice:  Undefined index: description in /home/stagnantice/projects/vk/functions.php on line 57, referer: http://vk/form.php?item_id=2
[Wed Jul 01 22:58:54.643703 2015] [:error] [pid 26682] [client 127.0.0.1:34321] PHP Warning:  exif_imagetype(): Filename cannot be empty in /home/stagnantice/projects/vk/functions.php on line 42, referer: http://vk/form.php?item_id=2
[Wed Jul 01 22:59:59.781515 2015] [:error] [pid 26674] [client 127.0.0.1:34350] PHP Warning:  exif_imagetype(): Filename cannot be empty in /home/stagnantice/projects/vk/functions.php on line 43, referer: http://vk/form.php?item_id=2
[Wed Jul 01 23:16:32.281454 2015] [:error] [pid 26675] [client 127.0.0.1:34796] PHP Notice:  Undefined index: id in /home/stagnantice/projects/vk/form.php on line 18, referer: http://vk/
[Wed Jul 01 23:16:32.281497 2015] [:error] [pid 26675] [client 127.0.0.1:34796] PHP Notice:  Undefined index: name in /home/stagnantice/projects/vk/form.php on line 18, referer: http://vk/
[Wed Jul 01 23:16:32.281504 2015] [:error] [pid 26675] [client 127.0.0.1:34796] PHP Notice:  Undefined index: description in /home/stagnantice/projects/vk/form.php on line 18, referer: http://vk/
[Wed Jul 01 23:16:32.281511 2015] [:error] [pid 26675] [client 127.0.0.1:34796] PHP Notice:  Undefined index: price in /home/stagnantice/projects/vk/form.php on line 18, referer: http://vk/
[Wed Jul 01 23:16:32.281516 2015] [:error] [pid 26675] [client 127.0.0.1:34796] PHP Notice:  Undefined index: url in /home/stagnantice/projects/vk/form.php on line 18, referer: http://vk/
[Wed Jul 01 23:19:06.480161 2015] [:error] [pid 26674] [client 127.0.0.1:34882] PHP Parse error:  syntax error, unexpected ')' in /home/stagnantice/projects/vk/list.php on line 15, referer: http://vk/form.php
[Wed Jul 01 23:19:54.904236 2015] [:error] [pid 26699] [client 127.0.0.1:34903] PHP Notice:  Undefined variable: count in /home/stagnantice/projects/vk/list.php on line 22, referer: http://vk/form.php
[Wed Jul 01 23:19:54.904282 2015] [:error] [pid 26699] [client 127.0.0.1:34903] PHP Notice:  Undefined variable: count in /home/stagnantice/projects/vk/list.php on line 22, referer: http://vk/form.php
[Wed Jul 01 23:20:20.412498 2015] [:error] [pid 29569] [client 127.0.0.1:34919] PHP Parse error:  syntax error, unexpected ':' in /home/stagnantice/projects/vk/list.php on line 17, referer: http://vk/form.php
[Wed Jul 01 23:26:54.138505 2015] [:error] [pid 26699] [client 127.0.0.1:35106] PHP Parse error:  syntax error, unexpected 'endforeach' (T_ENDFOREACH) in /home/stagnantice/projects/vk/list.php on line 30, referer: http://vk/?page=11
[Wed Jul 01 23:39:00.199050 2015] [:error] [pid 30385] [client 127.0.0.1:35619] PHP Notice:  Undefined index: items in /home/stagnantice/projects/vk/list.php on line 2, referer: http://vk/?page=26
[Wed Jul 01 23:39:00.199090 2015] [:error] [pid 30385] [client 127.0.0.1:35619] PHP Warning:  Invalid argument supplied for foreach() in /home/stagnantice/projects/vk/list.php on line 2, referer: http://vk/?page=26
[Wed Jul 01 23:39:03.335521 2015] [:error] [pid 30385] [client 127.0.0.1:35619] PHP Notice:  Undefined index: items in /home/stagnantice/projects/vk/list.php on line 2, referer: http://vk/
[Wed Jul 01 23:39:03.335560 2015] [:error] [pid 30385] [client 127.0.0.1:35619] PHP Warning:  Invalid argument supplied for foreach() in /home/stagnantice/projects/vk/list.php on line 2, referer: http://vk/
[Wed Jul 01 23:39:05.693758 2015] [:error] [pid 30385] [client 127.0.0.1:35619] PHP Notice:  Undefined index: items in /home/stagnantice/projects/vk/list.php on line 2, referer: http://vk/
[Wed Jul 01 23:39:05.693868 2015] [:error] [pid 30385] [client 127.0.0.1:35619] PHP Warning:  Invalid argument supplied for foreach() in /home/stagnantice/projects/vk/list.php on line 2, referer: http://vk/
